// Jest Snapshot v1, https://goo.gl/fbAQLP

exports[`Article Snapshot 1`] = `
<article
  className="max-w-md mx-auto rounded-md shadow-md overflow-hidden md:max-w-2xl mb-12"
>
  <div
    className="md:flex"
  >
    <Memo(LinkBase)
      className="flex flex-shrink-0 justify-center md:items-center"
      href="/post/1"
    >
      <Image
        alt="article image"
        height={150}
        src="https://genk.mediacdn.vn/139269124445442048/2021/3/2/photo-1-16146533712881100681556.jpg"
        width={250}
      />
    </Memo(LinkBase)>
    <div
      className="p-8"
    >
      <div
        className="uppercase tracking-wide text-sm text-indigo-500 font-semibold"
      >
        internet
      </div>
      <Memo(LinkBase)
        className="block mt-1 text-lg leading-tight font-medium text-black hover:underline"
        href="/post/1"
      >
        Lorem ipsum dolor sit amet, consectetur adipisicing elit
      </Memo(LinkBase)>
      <Memo(Typography)
        className="mt-2 text-gray-500"
      >
        Lorem ipsum dolor sit amet, consectetur adipiscing elit, sed do eiusmod tempor incididunt ut labore 
        ...
      </Memo(Typography)>
    </div>
  </div>
</article>
`;
