// Jest Snapshot v1, https://goo.gl/fbAQLP

exports[`CategoryTitle Snapshot 1`] = `
<div
  className="text-center px-6 py-12 mb-6 bg-gray-100 border-b"
>
  <Memo(Typography)
    className="text-xl md:text-4xl pb-4"
    variant="h2"
  >
    INTERNET
  </Memo(Typography)>
  <Memo(Typography)
    className="leading-loose text-gray-dark"
  >
    Catch up on the latest news and updates.
  </Memo(Typography)>
</div>
`;
