// Jest Snapshot v1, https://goo.gl/fbAQLP

exports[`Categories Snapshot 1`] = `
<div
  className="mx-auto max-w-6xl bg-white py-10 px-12 lg:px-24 shadow-xl mb-6"
>
  <Memo(Typography)
    className="font-display-italic font-extrabold text-5xl md:text-6xl italic leading-none mb-12"
    variant="h2"
  >
    Categories
  </Memo(Typography)>
  <div
    className="flex flex-wrap -mx-2"
  >
    <Memo(CategoryItem)
      categoryName="mobile"
      imageUrl="https://images.prismic.io/nextjsexample/7853f863-6a12-4312-a6da-f930437f6d62_mobile.png"
      key="1"
    />
    <Memo(CategoryItem)
      categoryName="internet"
      imageUrl="https://images.prismic.io/nextjsexample/cb71ce70-bb03-442b-99e8-a318255b81f3_3579187.png"
      key="2"
    />
  </div>
</div>
`;
