// Jest Snapshot v1, https://goo.gl/fbAQLP

exports[`CategoryTitle Snapshot 1`] = `
<div
  className="text-center px-6 py-12 mb-6 bg-gray-100 border-b"
>
  <h1
    className="text-xl md:text-4xl pb-4"
  >
    INTERNET
  </h1>
  <p
    className="leading-loose text-gray-dark"
  >
    Catch up on the latest news and updates.
  </p>
</div>
`;
