// Jest Snapshot v1, https://goo.gl/fbAQLP

exports[`Footer Snapshot 1`] = `
<footer
  className="w-full bg-black px-6 border-t text-white"
>
  <div
    className="container mx-auto max-w-4xl py-6 flex flex-wrap md:flex-no-wrap justify-between items-center text-sm"
  >
    ©2021 Your Company. All rights reserved.
    <div
      className="pt-4 md:p-0 text-center md:text-right text-xs"
    >
      <Memo(LinkBase)
        className="no-underline hover:underline"
        href="/policy"
      >
        Privacy Policy
      </Memo(LinkBase)>
      <Memo(LinkBase)
        className="no-underline hover:underline ml-4"
        href="/condition"
      >
        Terms & Conditions
      </Memo(LinkBase)>
      <Memo(LinkBase)
        className="no-underline hover:underline ml-4"
        href="/contact"
      >
        Contact Us
      </Memo(LinkBase)>
    </div>
  </div>
</footer>
`;
