// Jest Snapshot v1, https://goo.gl/fbAQLP

exports[`Header Snapshot 1`] = `
<header
  className="bg-black text-white font-bold mb-12"
>
  <div
    className="p-6 container mx-auto flex flex-wrap items-center justify-between"
  >
    <Memo(LinkBase)
      className="mb-6 md:mb-0 w-full text-center md:text-left md:w-auto font-display font-black text-3xl uppercase"
      href="/"
    >
      Blog.
    </Memo(LinkBase)>
    <ul
      className="justify-center md:justify-end flex-1 flex items-center"
    >
      <li
        key="Home"
      >
        <Memo(LinkBase)
          className="text-gray-50 font-bold text-sm py-2 px-4 mx-2 hover:underline"
          href="/"
        >
          Home
        </Memo(LinkBase)>
      </li>
      <li
        key="Blog"
      >
        <Memo(LinkBase)
          className="text-gray-50 font-bold text-sm py-2 px-4 mx-2 hover:underline"
          href="/blog"
        >
          Blog
        </Memo(LinkBase)>
      </li>
      <li
        key="Contact"
      >
        <Memo(LinkBase)
          className="text-gray-50 font-bold text-sm py-2 px-4 mx-2 hover:underline"
          href="/contact"
        >
          Contact
        </Memo(LinkBase)>
      </li>
      <li>
        <Memo(Button)
          className="text-gray-50 border-white border text-sm py-2 px-4 mx-2"
          label="Login"
        />
      </li>
    </ul>
  </div>
</header>
`;
