// Jest Snapshot v1, https://goo.gl/fbAQLP

exports[`CategoryItem Snapshot 1`] = `
<div
  className="w-full md:w-1/2 lg:w-1/3 px-6 p-2"
>
  <Memo(LinkBase)
    className="block mb-8 text-center hover:opacity-70"
    href="/blog/mobile"
  >
    <Image
      alt="mobile"
      height={100}
      src="/image.jpg"
      width={100}
    />
  </Memo(LinkBase)>
  <Memo(Typography)
    className="text-xl text-center"
  >
    MOBILE
  </Memo(Typography)>
</div>
`;
